usage: bridge-xpc-probe.py [-h] [--host HOST] [--macos-user-id MACOS_USER_ID]
                           [--interface INTERFACE] [--port PORT]
                           [--timeout TIMEOUT] [--service-open]
                           [--bridge-version] [--initialize]
                           [--match-seconds SECONDS]
                           [--match-finger-name {left-thumb,left-index-finger,left-middle-finger,left-ring-finger,left-little-finger,right-thumb,right-index-finger,right-middle-finger,right-ring-finger,right-little-finger}]
                           [--resolve-any-finger-name]
                           [--resolve-any-identity-slot]
                           [--match-processed-flags MATCH_PROCESSED_FLAGS]
                           [--identity-blob-format {counted,raw}]
                           [--stop-on-match-result] [--audible-match-alert]
                           [--biometric-protocol] [--reset-sensor]
                           [--cancel-operation] [--sensor-readiness]
                           [--sensor-info] [--calibration-info]
                           [--load-calibration] [--identity-list]
                           [--global-identity-list] [--identity-capacity]
                           [--catacomb-component-state] [--stability-check]
                           [--full-inventory]
                           [--private-inventory-output PATH]
                           [--catacomb-state] [--sks-lock-state]
                           [--load-catacomb-archive PATH]
                           [--load-biolockout-archive PATH]
                           [--catacomb-component {all,master,user}]
                           [--strip-catacomb-file-header]
bridge-xpc-probe.py: error: set --port or T2_TOUCHID_PORT
